seed get=200 load=0.49 0.30 0.22
precheck run=1 rate=400 seconds=55 warmup=5 started=2026-10-08T01:43:40Z
total=22000 post_warmup=20000 ok=20000 error_or_non2xx=0
p50=0.87ms p95=1.62ms p99=2.52ms
error_rate=0.00%
bucket=0-10s mean=0.94ms max=7.97ms n=4000
bucket=10-20s mean=0.96ms max=18.84ms n=4000
bucket=20-30s mean=0.93ms max=14.50ms n=4000
bucket=30-40s mean=0.96ms max=21.50ms n=4000
bucket=40-50s mean=0.93ms max=16.73ms n=4000
verdict=STABLE worst_bucket_ratio=1.027x
precheck run=1 longest_request_ms=21.50
precheck run=2 rate=400 seconds=55 warmup=5 started=2026-10-08T01:44:40Z
total=22000 post_warmup=20000 ok=20000 error_or_non2xx=0
p50=0.89ms p95=1.66ms p99=2.52ms
error_rate=0.00%
bucket=0-10s mean=1.00ms max=14.56ms n=4000
bucket=10-20s mean=1.00ms max=17.53ms n=4000
bucket=20-30s mean=0.97ms max=13.58ms n=4000
bucket=30-40s mean=1.01ms max=34.10ms n=4000
bucket=40-50s mean=0.96ms max=20.27ms n=4000
verdict=STABLE worst_bucket_ratio=1.006x
precheck run=2 longest_request_ms=34.10
PRECHECK rate=400 PASS
