sample columns: epoch time_wait established probe_threads
1791421531 4 66 0
1791421533 662 63      161
1791421535 1000 59        2
1791421537 1082 60        3
1791421539 1045 60        2
1791421541 878 59      176
1791421543 87 59      992
1791421545 0 60     1821
1791421547 396 60     2246
1791421549 2176 70      958
1791421551 2035 76      110
1791421553 855 74      443
1791421555 0 75     1272
1791421557 1 75     2105
1791421560 1 75     2933
1791421562 752 104     2416
1791421564 1631 74     1079
1791421566 285 59     1395
1791421568 1 60     1772
1791421570 0 60     2522
1791421572 0 60     3051
1791421574 1046 59     2066
1791421576 1593 62      943
1791421578 881 61      768
1791421580 136 60     1155
1791421582 28 60     1949
1791421584 0 61     2754
1791421586 304 62     2370
1791421589 1514 73      173
