sample columns: epoch time_wait established probe_threads
1791421740 7 79 0
1791421742 411 78        2
1791421744 446 78        2
1791421746 452 80        3
1791421748 330 78      101
1791421750 204 80      309
1791421752 803 80      120
1791421754 575 79        2
1791421756 473 79        3
1791421758 477 79        2
1791421760 487 79        2
1791421762 191 81      308
1791421764 442 83      281
1791421766 1041 81        3
1791421768 527 80        2
1791421771 532 80        2
1791421773 538 80        3
1791421775 456 80       91
1791421777 55 81      500
1791421779 880 82       33
1791421781 719 81        3
1791421783 575 81        3
1791421785 580 80        2
1791421787 587 80        3
1791421789 78 80      342
1791421791 389 80      365
1791421793 774 81        3
