sample columns: epoch time_wait established probe_threads
1791421466 7 79 0
1791421468 617 80        3
1791421470 726 82        3
1791421472 743 81        2
1791421474 760 81        2
1791421476 775 87        2
1791421478 795 103        3
1791421480 805 100        2
1791421482 818 106        3
1791421484 828 101        2
1791421486 842 102        3
1791421488 872 88        3
1791421490 883 86        3
1791421492 876 86        2
1791421494 898 82        2
1791421496 604 82        2
1791421498 619 81        3
1791421500 463 78      470
1791421503 0 82     1091
1791421505 0 80     1713
1791421507 0 80     2335
1791421509 960 80     1392
1791421511 1013 90      572
1791421513 612 88      316
1791421515 68 86      664
1791421517 0 86     1285
1791421519 0 85     1906
1791421521 885 83     1262
1791421523 1556 83      190
