sample columns: epoch time_wait established probe_threads
1791421800 6 80 0
1791421802 407 80        2
1791421804 595 80        2
1791421806 601 80        3
1791421808 405 81        2
1791421811 410 82        2
1791421813 145 82      273
1791421815 0 83      680
1791421817 945 85      146
1791421819 913 81        2
1791421821 569 80        2
1791421823 575 77        2
1791421825 532 77       49
1791421827 130 77      457
1791421829 383 77      481
1791421831 1226 77        2
1791421833 405 77        3
1791421835 413 77        3
1791421837 418 77        2
1791421839 127 77      299
1791421841 214 77      496
1791421843 828 77      216
1791421845 668 76        3
1791421847 450 75        3
1791421849 456 75        2
1791421851 265 75      198
1791421853 0 75      605
1791421855 607 76      410
