sample columns: epoch time_wait established probe_threads
1791421675 3 70 0
1791421677 412 70        3
1791421679 450 72        2
1791421681 465 70        2
1791421683 476 70        2
1791421685 145 70      344
1791421687 377 70      384
1791421689 1053 70      114
1791421691 622 70        3
1791421693 523 73        2
1791421695 535 72        2
1791421697 369 70      175
1791421700 0 70      587
1791421702 810 73      188
1791421704 1082 77        2
1791421706 583 75        3
1791421708 587 76        2
1791421710 592 76        7
1791421712 2 79      421
1791421714 269 79      566
1791421716 1032 77        3
1791421718 434 78        2
1791421720 450 77        3
1791421722 458 77        2
1791421724 117 77      356
1791421726 87 80      680
1791421728 932 82      160
