sample columns: epoch time_wait established probe_threads
1791423041 5 69        2
1791423043 415 67        2
1791423045 582 65        2
1791423047 597 66        2
1791423050 213 72      196
1791423052 610 64        2
1791423054 431 64        2
1791423056 448 66        2
1791423058 454 64        2
1791423060 465 75        2
1791423062 203 78      275
1791423064 514 78      174
1791423066 835 79        2
1791423068 516 80        2
1791423070 517 80        2
1791423072 531 80        2
1791423074 470 80       74
1791423076 68 80      489
1791423078 877 80       25
1791423080 710 80        3
1791423083 590 80        2
1791423085 595 80        2
1791423087 408 80        2
1791423089 126 80      295
1791423091 512 80      199
1791423093 714 80        2
1791423095 462 63        2
