sample columns: epoch time_wait established probe_threads
1791422975 6 69        2
1791422977 415 69        2
1791422979 582 70        2
1791422981 590 71        2
1791422983 400 70        2
1791422985 414 69        2
1791422987 424 69        2
1791422989 438 69        2
1791422992 453 69        2
1791422994 467 69        3
1791422996 485 69        2
1791422998 485 69        2
1791423000 502 69        3
1791423002 506 70        2
1791423004 516 70        2
1791423006 527 70        2
1791423008 535 70        3
1791423010 549 70        2
1791423012 558 70        3
1791423014 565 69        2
1791423016 581 69        2
1791423018 588 70        2
1791423020 597 69        2
1791423022 414 65        2
1791423024 423 67        2
1791423027 76 67      373
1791423029 809 67        3
