{
  "result": {
    "status": "completed",
    "steps": [
      {
        "step": "validate order",
        "attempts": 1,
        "duration_ms": 6,
        "effects": [
          "Validation"
        ]
      },
      {
        "step": "read order",
        "attempts": 1,
        "duration_ms": 6,
        "effects": [
          "RepositoryCall"
        ]
      },
      {
        "step": "read report",
        "attempts": 1,
        "duration_ms": 6,
        "effects": [
          "RepositoryCall"
        ]
      },
      {
        "step": "set report.orderCount to report.orderCount + 1",
        "attempts": 1,
        "duration_ms": 6,
        "effects": [
          "Assignment"
        ]
      },
      {
        "step": "set report.totalAmount to report.totalAmount + order.amount",
        "attempts": 1,
        "duration_ms": 6,
        "effects": [
          "Assignment"
        ]
      }
    ],
    "failed_step": null,
    "skipped": [],
    "failure_reason": null,
    "bindings": {
      "order": {
        "id": "3f2504e0-4f89-41d3-9a0c-0305e82c3301",
        "amount": 1,
        "placedAt": "2026-07-31T09:00:00Z",
        "reportDate": "2026-07-31T09:00:00Z",
        "orderCount": 1,
        "totalAmount": 1
      },
      "report": {
        "id": "3f2504e0-4f89-41d3-9a0c-0305e82c3301",
        "amount": 1,
        "placedAt": "2026-07-31T09:00:00Z",
        "reportDate": "2026-07-31T09:00:00Z",
        "orderCount": 2,
        "totalAmount": 2
      }
    },
    "duration_ms": 30,
    "correlation_id": "cid-0001"
  },
  "trace": {
    "correlation_id": "cid-0001",
    "span": {
      "name": "BuildReport",
      "kind": "Workflow",
      "duration_ms": 30,
      "attrs": {},
      "children": [
        {
          "name": "validate order",
          "kind": "WorkflowStep",
          "duration_ms": 6,
          "attrs": {
            "attempts": 1
          },
          "children": [
            {
              "name": "check",
              "kind": "Validation",
              "duration_ms": 1,
              "attrs": {},
              "children": []
            }
          ]
        },
        {
          "name": "read order",
          "kind": "WorkflowStep",
          "duration_ms": 6,
          "attrs": {
            "attempts": 1
          },
          "children": [
            {
              "name": "repo",
              "kind": "RepositoryCall",
              "duration_ms": 1,
              "attrs": {
                "found": true
              },
              "children": []
            }
          ]
        },
        {
          "name": "read report",
          "kind": "WorkflowStep",
          "duration_ms": 6,
          "attrs": {
            "attempts": 1
          },
          "children": [
            {
              "name": "repo",
              "kind": "RepositoryCall",
              "duration_ms": 1,
              "attrs": {
                "found": true
              },
              "children": []
            }
          ]
        },
        {
          "name": "set report.orderCount to report.orderCount + 1",
          "kind": "WorkflowStep",
          "duration_ms": 6,
          "attrs": {
            "attempts": 1
          },
          "children": [
            {
              "name": "assign",
              "kind": "Assignment",
              "duration_ms": 1,
              "attrs": {
                "target": "report.orderCount",
                "value": 2
              },
              "children": []
            }
          ]
        },
        {
          "name": "set report.totalAmount to report.totalAmount + order.amount",
          "kind": "WorkflowStep",
          "duration_ms": 6,
          "attrs": {
            "attempts": 1
          },
          "children": [
            {
              "name": "assign",
              "kind": "Assignment",
              "duration_ms": 1,
              "attrs": {
                "target": "report.totalAmount",
                "value": 2
              },
              "children": []
            }
          ]
        }
      ]
    },
    "metrics": [
      {
        "name": "step.duration_ms",
        "labels": {
          "workflow": "BuildReport",
          "step": "validate order"
        },
        "value": 6
      },
      {
        "name": "step.duration_ms",
        "labels": {
          "workflow": "BuildReport",
          "step": "read order"
        },
        "value": 6
      },
      {
        "name": "step.duration_ms",
        "labels": {
          "workflow": "BuildReport",
          "step": "read report"
        },
        "value": 6
      },
      {
        "name": "step.duration_ms",
        "labels": {
          "workflow": "BuildReport",
          "step": "set report.orderCount to report.orderCount + 1"
        },
        "value": 6
      },
      {
        "name": "step.duration_ms",
        "labels": {
          "workflow": "BuildReport",
          "step": "set report.totalAmount to report.totalAmount + order.amount"
        },
        "value": 6
      },
      {
        "name": "workflow.duration_ms",
        "labels": {
          "workflow": "BuildReport"
        },
        "value": 30
      }
    ],
    "logs": [
      {
        "level": "INFO",
        "message": "workflow start",
        "correlation_id": "cid-0001",
        "workflow": "BuildReport",
        "payload": {
          "id": "3f2504e0-4f89-41d3-9a0c-0305e82c3301",
          "amount": 1,
          "placedAt": "2026-07-31T09:00:00Z",
          "reportDate": "2026-07-31T09:00:00Z",
          "orderCount": 1,
          "totalAmount": 1
        }
      },
      {
        "level": "INFO",
        "message": "assignment applied",
        "correlation_id": "cid-0001",
        "target": "report.orderCount",
        "value": 2
      },
      {
        "level": "INFO",
        "message": "assignment applied",
        "correlation_id": "cid-0001",
        "target": "report.totalAmount",
        "value": 2
      }
    ]
  }
}
rc=0
