warning: declared-measured-only [perf.report] performance response — declared but measured: measured and reported per run, but an over-budget run is not blocked
warning: declared-not-enforced [event.daily.rollup] event schedule — declared but unenforced: no scheduler runs it; the declaration reaches the IR and the OpenAPI schedule metadata only — issue #26 (the serving layer) owns the executor
2 warning(s), 0 error(s)
{
  "result": {
    "status": "completed",
    "steps": [
      {
        "step": "validate order",
        "attempts": 1,
        "duration_ms": 6,
        "effects": [
          "Validation"
        ]
      },
      {
        "step": "load order",
        "attempts": 1,
        "duration_ms": 6,
        "effects": [
          "RepositoryCall"
        ]
      },
      {
        "step": "read report",
        "attempts": 1,
        "duration_ms": 6,
        "effects": [
          "RepositoryCall"
        ]
      },
      {
        "step": "set report.orderCount to report.orderCount + 1",
        "attempts": 1,
        "duration_ms": 6,
        "effects": [
          "Assignment"
        ]
      },
      {
        "step": "emit reportBuilt",
        "attempts": 1,
        "duration_ms": 6,
        "effects": [
          "EventEmit"
        ]
      }
    ],
    "failed_step": null,
    "skipped": [],
    "failure_reason": null,
    "bindings": {
      "order": {
        "id": "3f2504e0-4f89-41d3-9a0c-0305e82c3301",
        "amount": {
          "amount": "0",
          "currency": "USD"
        },
        "placedAt": "2026-07-31T09:00:00Z",
        "reportDate": "2026-07-31T09:00:00Z",
        "orderCount": 1,
        "totalAmount": {
          "amount": "0",
          "currency": "USD"
        }
      },
      "report": {
        "id": "3f2504e0-4f89-41d3-9a0c-0305e82c3301",
        "amount": {
          "amount": "0",
          "currency": "USD"
        },
        "placedAt": "2026-07-31T09:00:00Z",
        "reportDate": "2026-07-31T09:00:00Z",
        "orderCount": 2,
        "totalAmount": {
          "amount": "0",
          "currency": "USD"
        }
      }
    },
    "duration_ms": 30,
    "correlation_id": "cid-0001",
    "slo_ms": 50,
    "slo_met": true
  },
  "trace": {
    "correlation_id": "cid-0001",
    "span": {
      "name": "BuildReport",
      "kind": "Workflow",
      "duration_ms": 30,
      "attrs": {},
      "children": [
        {
          "name": "validate order",
          "kind": "WorkflowStep",
          "duration_ms": 6,
          "attrs": {
            "attempts": 1
          },
          "children": [
            {
              "name": "check",
              "kind": "Validation",
              "duration_ms": 1,
              "attrs": {},
              "children": []
            }
          ]
        },
        {
          "name": "load order",
          "kind": "WorkflowStep",
          "duration_ms": 6,
          "attrs": {
            "attempts": 1
          },
          "children": [
            {
              "name": "repo",
              "kind": "RepositoryCall",
              "duration_ms": 1,
              "attrs": {
                "found": true
              },
              "children": []
            }
          ]
        },
        {
          "name": "read report",
          "kind": "WorkflowStep",
          "duration_ms": 6,
          "attrs": {
            "attempts": 1
          },
          "children": [
            {
              "name": "repo",
              "kind": "RepositoryCall",
              "duration_ms": 1,
              "attrs": {
                "found": true
              },
              "children": []
            }
          ]
        },
        {
          "name": "set report.orderCount to report.orderCount + 1",
          "kind": "WorkflowStep",
          "duration_ms": 6,
          "attrs": {
            "attempts": 1
          },
          "children": [
            {
              "name": "assign",
              "kind": "Assignment",
              "duration_ms": 1,
              "attrs": {
                "target": "report.orderCount",
                "value": 2
              },
              "children": []
            }
          ]
        },
        {
          "name": "emit reportBuilt",
          "kind": "WorkflowStep",
          "duration_ms": 6,
          "attrs": {
            "attempts": 1
          },
          "children": [
            {
              "name": "emit",
              "kind": "EventEmit",
              "duration_ms": 1,
              "attrs": {
                "event": "event.report.built",
                "emission_id": "wf.build.report.step.5.emit#1"
              },
              "children": []
            }
          ]
        }
      ]
    },
    "metrics": [
      {
        "name": "step.duration_ms",
        "labels": {
          "workflow": "BuildReport",
          "step": "validate order"
        },
        "value": 6
      },
      {
        "name": "step.duration_ms",
        "labels": {
          "workflow": "BuildReport",
          "step": "load order"
        },
        "value": 6
      },
      {
        "name": "step.duration_ms",
        "labels": {
          "workflow": "BuildReport",
          "step": "read report"
        },
        "value": 6
      },
      {
        "name": "step.duration_ms",
        "labels": {
          "workflow": "BuildReport",
          "step": "set report.orderCount to report.orderCount + 1"
        },
        "value": 6
      },
      {
        "name": "step.duration_ms",
        "labels": {
          "workflow": "BuildReport",
          "step": "emit reportBuilt"
        },
        "value": 6
      },
      {
        "name": "workflow.duration_ms",
        "labels": {
          "workflow": "BuildReport"
        },
        "value": 30
      }
    ],
    "logs": [
      {
        "level": "INFO",
        "message": "workflow start",
        "correlation_id": "cid-0001",
        "workflow": "BuildReport",
        "payload": {
          "id": "3f2504e0-4f89-41d3-9a0c-0305e82c3301",
          "amount": {
            "amount": "0",
            "currency": "USD"
          },
          "placedAt": "2026-07-31T09:00:00Z",
          "reportDate": "2026-07-31T09:00:00Z",
          "orderCount": 1,
          "totalAmount": {
            "amount": "0",
            "currency": "USD"
          }
        }
      },
      {
        "level": "INFO",
        "message": "assignment applied",
        "correlation_id": "cid-0001",
        "target": "report.orderCount",
        "value": 2
      },
      {
        "level": "INFO",
        "message": "event publish registered",
        "correlation_id": "cid-0001",
        "event": "event.report.built",
        "emission_id": "wf.build.report.step.5.emit#1"
      }
    ]
  }
}
rc=0
