{
  "result": {
    "status": "completed",
    "steps": [
      {
        "step": "read payment",
        "attempts": 1,
        "duration_ms": 6,
        "effects": [
          "RepositoryCall"
        ]
      }
    ],
    "failed_step": null,
    "skipped": [
      {
        "guard": "wf.refund.request.guard.1",
        "mode": "when",
        "condition": "input.requestedAt - payment.createdAt <= 30d and input.amountCents <= payment.amountCents",
        "steps": [
          "create refund"
        ],
        "rounds": null
      }
    ],
    "failure_reason": null,
    "bindings": {
      "payment": {
        "id": "3f2504e0-4f89-41d3-9a0c-0305e82c3301",
        "cardNumber": "***",
        "amountCents": 500000,
        "createdAt": "2026-07-10T00:00:00Z",
        "paymentId": "3f2504e0-4f89-41d3-9a0c-0305e82c3301",
        "requestedAt": "2026-08-09T00:00:01Z"
      }
    },
    "duration_ms": 6,
    "correlation_id": "cid-0001"
  },
  "trace": {
    "correlation_id": "cid-0001",
    "span": {
      "name": "RefundRequest",
      "kind": "Workflow",
      "duration_ms": 6,
      "attrs": {},
      "children": [
        {
          "name": "read payment",
          "kind": "WorkflowStep",
          "duration_ms": 6,
          "attrs": {
            "attempts": 1
          },
          "children": [
            {
              "name": "repo",
              "kind": "RepositoryCall",
              "duration_ms": 1,
              "attrs": {
                "found": true
              },
              "children": []
            }
          ]
        }
      ]
    },
    "metrics": [
      {
        "name": "step.duration_ms",
        "labels": {
          "workflow": "RefundRequest",
          "step": "read payment"
        },
        "value": 6
      },
      {
        "name": "workflow.duration_ms",
        "labels": {
          "workflow": "RefundRequest"
        },
        "value": 6
      }
    ],
    "logs": [
      {
        "level": "INFO",
        "message": "workflow start",
        "correlation_id": "cid-0001",
        "workflow": "RefundRequest",
        "payload": {
          "id": "3f2504e0-4f89-41d3-9a0c-0305e82c3301",
          "cardNumber": "***",
          "amountCents": 500000,
          "createdAt": "2026-07-10T00:00:00Z",
          "paymentId": "3f2504e0-4f89-41d3-9a0c-0305e82c3301",
          "requestedAt": "2026-08-09T00:00:01Z"
        }
      },
      {
        "level": "INFO",
        "message": "guard skipped the guarded item",
        "correlation_id": "cid-0001",
        "guard": "wf.refund.request.guard.1",
        "condition": "input.requestedAt - payment.createdAt <= 30d and input.amountCents <= payment.amountCents"
      }
    ]
  }
}
