seed save=200 get=200
point backend=fake workers=4 class=sync threads=1 rate=50 seconds=55 warmup=5 started=2026-10-08T02:12:31Z
total=2750 post_warmup=2500 ok=2500 error_or_non2xx=0
p50=1.98ms p95=2.99ms p99=5.45ms
error_rate=0.00%
bucket=0-10s mean=2.10ms max=10.26ms n=500
bucket=10-20s mean=2.06ms max=14.29ms n=500
bucket=20-30s mean=2.12ms max=9.84ms n=500
bucket=30-40s mean=2.00ms max=12.16ms n=500
bucket=40-50s mean=2.07ms max=15.35ms n=500
verdict=STABLE worst_bucket_ratio=1.008x
point backend=fake workers=4 class=sync threads=1 rate=100 seconds=55 warmup=5 started=2026-10-08T02:13:28Z
total=5500 post_warmup=5000 ok=5000 error_or_non2xx=0
p50=1.67ms p95=2.58ms p99=4.53ms
error_rate=0.00%
bucket=0-10s mean=1.75ms max=18.01ms n=1000
bucket=10-20s mean=1.74ms max=11.34ms n=1000
bucket=20-30s mean=1.71ms max=14.35ms n=1000
bucket=30-40s mean=1.79ms max=17.44ms n=1000
bucket=40-50s mean=1.75ms max=21.36ms n=1000
verdict=STABLE worst_bucket_ratio=1.023x
point backend=fake workers=4 class=sync threads=1 rate=200 seconds=55 warmup=5 started=2026-10-08T02:14:25Z
total=11000 post_warmup=10000 ok=10000 error_or_non2xx=0
p50=1.35ms p95=2.28ms p99=4.00ms
error_rate=0.00%
bucket=0-10s mean=1.44ms max=18.48ms n=2000
bucket=10-20s mean=1.44ms max=18.08ms n=2000
bucket=20-30s mean=1.45ms max=19.13ms n=2000
bucket=30-40s mean=1.43ms max=13.62ms n=2000
bucket=40-50s mean=1.45ms max=16.08ms n=2000
verdict=STABLE worst_bucket_ratio=1.011x
point backend=fake workers=4 class=sync threads=1 rate=400 seconds=55 warmup=5 started=2026-10-08T02:15:23Z
total=22000 post_warmup=20000 ok=20000 error_or_non2xx=0
p50=0.93ms p95=1.88ms p99=3.07ms
error_rate=0.00%
bucket=0-10s mean=1.03ms max=17.57ms n=4000
bucket=10-20s mean=1.12ms max=13.76ms n=4000
bucket=20-30s mean=1.06ms max=12.75ms n=4000
bucket=30-40s mean=1.11ms max=24.92ms n=4000
bucket=40-50s mean=1.09ms max=14.46ms n=4000
verdict=STABLE worst_bucket_ratio=1.086x
