seed save=409 get=200
point backend=postgres workers=1 class=gthread threads=4 rate=50 seconds=55 warmup=5 started=2026-10-08T02:45:55Z
total=2750 post_warmup=2500 ok=2500 error_or_non2xx=0
p50=5.62ms p95=6.83ms p99=7.54ms
error_rate=0.00%
bucket=0-10s mean=5.78ms max=11.73ms n=500
bucket=10-20s mean=5.75ms max=7.53ms n=500
bucket=20-30s mean=5.57ms max=10.79ms n=500
bucket=30-40s mean=5.71ms max=11.20ms n=500
bucket=40-50s mean=5.62ms max=7.67ms n=500
verdict=STABLE worst_bucket_ratio=1.000x
point backend=postgres workers=1 class=gthread threads=4 rate=100 seconds=55 warmup=5 started=2026-10-08T02:46:52Z
total=5500 post_warmup=5000 ok=5000 error_or_non2xx=0
p50=4.68ms p95=13.01ms p99=96.89ms
error_rate=0.00%
bucket=0-10s mean=5.62ms max=61.63ms n=1000
bucket=10-20s mean=5.04ms max=15.19ms n=1000
bucket=20-30s mean=4.74ms max=7.70ms n=1000
bucket=30-40s mean=20.95ms max=127.31ms n=1000
bucket=40-50s mean=4.58ms max=19.85ms n=1000
verdict=UNSTABLE worst_bucket_ratio=3.730x
