$ .venv/bin/lnpl run examples/shorten.lnpl --json
warning: declared-not-enforced [security.shorten] security jwt — declared but unenforced: no token is issued or verified; the mechanism reaches the OpenAPI document only
warning: declared-measured-only [perf.shorten] performance response — declared but measured: measured and reported per run, but an over-budget run is not blocked
warning: unknown-verb [line 57] return — `return slug` is outside VERB_LEXICON: this step derives no Effect and runs as a descriptive no-op
warning: authorization-not-verified [wf.shorten.step.2.authz] owner — the authorization requirement is recorded on the trace and never checked; this step cannot deny anything
4 warning(s), 0 error(s)
{
  "result": {
    "status": "completed",
    "steps": [
      {
        "step": "validate input",
        "attempts": 1,
        "duration_ms": 6,
        "effects": [
          "Validation"
        ]
      },
      {
        "step": "authorize owner",
        "attempts": 1,
        "duration_ms": 6,
        "effects": [
          "Authorization"
        ]
      },
      {
        "step": "create link",
        "attempts": 1,
        "duration_ms": 6,
        "effects": [
          "RepositoryCall"
        ]
      },
      {
        "step": "cache link",
        "attempts": 1,
        "duration_ms": 6,
        "effects": [
          "CacheAccess"
        ]
      },
      {
        "step": "emit linkCreated",
        "attempts": 1,
        "duration_ms": 6,
        "effects": [
          "EventEmit"
        ]
      },
      {
        "step": "return slug",
        "attempts": 1,
        "duration_ms": 5,
        "effects": []
      }
    ],
    "failed_step": null,
    "skipped": [],
    "failure_reason": null,
    "bindings": {},
    "duration_ms": 35,
    "correlation_id": "cid-0001",
    "slo_ms": 40,
    "slo_met": true
  },
  "trace": {
    "correlation_id": "cid-0001",
    "span": {
      "name": "Shorten",
      "kind": "Workflow",
      "duration_ms": 35,
      "attrs": {},
      "children": [
        {
          "name": "validate input",
          "kind": "WorkflowStep",
          "duration_ms": 6,
          "attrs": {
            "attempts": 1
          },
          "children": [
            {
              "name": "check",
              "kind": "Validation",
              "duration_ms": 1,
              "attrs": {},
              "children": []
            }
          ]
        },
        {
          "name": "authorize owner",
          "kind": "WorkflowStep",
          "duration_ms": 6,
          "attrs": {
            "attempts": 1
          },
          "children": [
            {
              "name": "authz",
              "kind": "Authorization",
              "duration_ms": 1,
              "attrs": {
                "requirement": "owner"
              },
              "children": []
            }
          ]
        },
        {
          "name": "create link",
          "kind": "WorkflowStep",
          "duration_ms": 6,
          "attrs": {
            "attempts": 1
          },
          "children": [
            {
              "name": "repo",
              "kind": "RepositoryCall",
              "duration_ms": 1,
              "attrs": {
                "found": true
              },
              "children": []
            }
          ]
        },
        {
          "name": "cache link",
          "kind": "WorkflowStep",
          "duration_ms": 6,
          "attrs": {
            "attempts": 1
          },
          "children": [
            {
              "name": "cache",
              "kind": "CacheAccess",
              "duration_ms": 1,
              "attrs": {
                "ttl_ms": 600000
              },
              "children": []
            }
          ]
        },
        {
          "name": "emit linkCreated",
          "kind": "WorkflowStep",
          "duration_ms": 6,
          "attrs": {
            "attempts": 1
          },
          "children": [
            {
              "name": "emit",
              "kind": "EventEmit",
              "duration_ms": 1,
              "attrs": {
                "event": "event.link.created",
                "emission_id": "wf.shorten.step.5.emit#1"
              },
              "children": []
            }
          ]
        },
        {
          "name": "return slug",
          "kind": "WorkflowStep",
          "duration_ms": 5,
          "attrs": {
            "attempts": 1
          },
          "children": []
        }
      ]
    },
    "metrics": [
      {
        "name": "step.duration_ms",
        "labels": {
          "workflow": "Shorten",
          "step": "validate input"
        },
        "value": 6
      },
      {
        "name": "step.duration_ms",
        "labels": {
          "workflow": "Shorten",
          "step": "authorize owner"
        },
        "value": 6
      },
      {
        "name": "step.duration_ms",
        "labels": {
          "workflow": "Shorten",
          "step": "create link"
        },
        "value": 6
      },
      {
        "name": "step.duration_ms",
        "labels": {
          "workflow": "Shorten",
          "step": "cache link"
        },
        "value": 6
      },
      {
        "name": "step.duration_ms",
        "labels": {
          "workflow": "Shorten",
          "step": "emit linkCreated"
        },
        "value": 6
      },
      {
        "name": "step.duration_ms",
        "labels": {
          "workflow": "Shorten",
          "step": "return slug"
        },
        "value": 5
      },
      {
        "name": "workflow.duration_ms",
        "labels": {
          "workflow": "Shorten"
        },
        "value": 35
      }
    ],
    "logs": [
      {
        "level": "INFO",
        "message": "workflow start",
        "correlation_id": "cid-0001",
        "workflow": "Shorten",
        "payload": {
          "id": "3f2504e0-4f89-41d3-9a0c-0305e82c3301",
          "slug": "text",
          "target": "https://example.com/a",
          "owner": "3f2504e0-4f89-41d3-9a0c-0305e82c3301",
          "clicks": 1,
          "createdAt": "2026-07-31T09:00:00Z"
        }
      },
      {
        "level": "INFO",
        "message": "event publish registered",
        "correlation_id": "cid-0001",
        "event": "event.link.created",
        "emission_id": "wf.shorten.step.5.emit#1"
      }
    ]
  }
}
exit=0
