$ .venv/bin/lnpl run qa/cases/batch-report/probes/probe-a2.lnpl --json
{
  "result": {
    "status": "completed",
    "steps": [
      {
        "step": "validate order",
        "attempts": 1,
        "duration_ms": 6,
        "effects": [
          "Validation"
        ]
      },
      {
        "step": "load order",
        "attempts": 1,
        "duration_ms": 6,
        "effects": [
          "RepositoryCall"
        ]
      },
      {
        "step": "create report",
        "attempts": 1,
        "duration_ms": 6,
        "effects": [
          "RepositoryCall"
        ]
      }
    ],
    "failed_step": null,
    "skipped": [],
    "failure_reason": null,
    "bindings": {
      "order": {
        "id": "3f2504e0-4f89-41d3-9a0c-0305e82c3301",
        "amount": {
          "amount": "0",
          "currency": "USD"
        },
        "placedAt": "2026-07-31T09:00:00Z",
        "reportDate": "2026-07-31T09:00:00Z",
        "orderCount": 1,
        "totalAmount": {
          "amount": "0",
          "currency": "USD"
        }
      }
    },
    "duration_ms": 18,
    "correlation_id": "cid-0001"
  },
  "trace": {
    "correlation_id": "cid-0001",
    "span": {
      "name": "AggregateDaily",
      "kind": "Workflow",
      "duration_ms": 18,
      "attrs": {},
      "children": [
        {
          "name": "validate order",
          "kind": "WorkflowStep",
          "duration_ms": 6,
          "attrs": {
            "attempts": 1
          },
          "children": [
            {
              "name": "check",
              "kind": "Validation",
              "duration_ms": 1,
              "attrs": {},
              "children": []
            }
          ]
        },
        {
          "name": "load order",
          "kind": "WorkflowStep",
          "duration_ms": 6,
          "attrs": {
            "attempts": 1
          },
          "children": [
            {
              "name": "repo",
              "kind": "RepositoryCall",
              "duration_ms": 1,
              "attrs": {
                "found": true
              },
              "children": []
            }
          ]
        },
        {
          "name": "create report",
          "kind": "WorkflowStep",
          "duration_ms": 6,
          "attrs": {
            "attempts": 1
          },
          "children": [
            {
              "name": "repo",
              "kind": "RepositoryCall",
              "duration_ms": 1,
              "attrs": {
                "found": true
              },
              "children": []
            }
          ]
        }
      ]
    },
    "metrics": [
      {
        "name": "step.duration_ms",
        "labels": {
          "workflow": "AggregateDaily",
          "step": "validate order"
        },
        "value": 6
      },
      {
        "name": "step.duration_ms",
        "labels": {
          "workflow": "AggregateDaily",
          "step": "load order"
        },
        "value": 6
      },
      {
        "name": "step.duration_ms",
        "labels": {
          "workflow": "AggregateDaily",
          "step": "create report"
        },
        "value": 6
      },
      {
        "name": "workflow.duration_ms",
        "labels": {
          "workflow": "AggregateDaily"
        },
        "value": 18
      }
    ],
    "logs": [
      {
        "level": "INFO",
        "message": "workflow start",
        "correlation_id": "cid-0001",
        "workflow": "AggregateDaily",
        "payload": {
          "id": "3f2504e0-4f89-41d3-9a0c-0305e82c3301",
          "amount": {
            "amount": "0",
            "currency": "USD"
          },
          "placedAt": "2026-07-31T09:00:00Z",
          "reportDate": "2026-07-31T09:00:00Z",
          "orderCount": 1,
          "totalAmount": {
            "amount": "0",
            "currency": "USD"
          }
        }
      }
    ]
  }
}
exit=0
