$ .venv/bin/lnpl run qa/cases/batch-report/probes/probe-b1.lnpl --json
warning: unknown-verb [line 16] schedule — `schedule daily at midnight` is outside VERB_LEXICON: this step derives no Effect and runs as a descriptive no-op
1 warning(s), 0 error(s)
{
  "result": {
    "status": "completed",
    "steps": [
      {
        "step": "validate report",
        "attempts": 1,
        "duration_ms": 6,
        "effects": [
          "Validation"
        ]
      },
      {
        "step": "schedule daily at midnight",
        "attempts": 1,
        "duration_ms": 5,
        "effects": []
      },
      {
        "step": "create report",
        "attempts": 1,
        "duration_ms": 6,
        "effects": [
          "RepositoryCall"
        ]
      }
    ],
    "failed_step": null,
    "skipped": [],
    "failure_reason": null,
    "bindings": {},
    "duration_ms": 17,
    "correlation_id": "cid-0001"
  },
  "trace": {
    "correlation_id": "cid-0001",
    "span": {
      "name": "NightlyBatch",
      "kind": "Workflow",
      "duration_ms": 17,
      "attrs": {},
      "children": [
        {
          "name": "validate report",
          "kind": "WorkflowStep",
          "duration_ms": 6,
          "attrs": {
            "attempts": 1
          },
          "children": [
            {
              "name": "check",
              "kind": "Validation",
              "duration_ms": 1,
              "attrs": {},
              "children": []
            }
          ]
        },
        {
          "name": "schedule daily at midnight",
          "kind": "WorkflowStep",
          "duration_ms": 5,
          "attrs": {
            "attempts": 1
          },
          "children": []
        },
        {
          "name": "create report",
          "kind": "WorkflowStep",
          "duration_ms": 6,
          "attrs": {
            "attempts": 1
          },
          "children": [
            {
              "name": "repo",
              "kind": "RepositoryCall",
              "duration_ms": 1,
              "attrs": {
                "found": true
              },
              "children": []
            }
          ]
        }
      ]
    },
    "metrics": [
      {
        "name": "step.duration_ms",
        "labels": {
          "workflow": "NightlyBatch",
          "step": "validate report"
        },
        "value": 6
      },
      {
        "name": "step.duration_ms",
        "labels": {
          "workflow": "NightlyBatch",
          "step": "schedule daily at midnight"
        },
        "value": 5
      },
      {
        "name": "step.duration_ms",
        "labels": {
          "workflow": "NightlyBatch",
          "step": "create report"
        },
        "value": 6
      },
      {
        "name": "workflow.duration_ms",
        "labels": {
          "workflow": "NightlyBatch"
        },
        "value": 17
      }
    ],
    "logs": [
      {
        "level": "INFO",
        "message": "workflow start",
        "correlation_id": "cid-0001",
        "workflow": "NightlyBatch",
        "payload": {
          "id": "3f2504e0-4f89-41d3-9a0c-0305e82c3301",
          "reportDate": "2026-07-31T09:00:00Z",
          "orderCount": 1,
          "totalAmount": {
            "amount": "0",
            "currency": "USD"
          }
        }
      }
    ]
  }
}
exit=0
