$ .venv/bin/lnpl run qa/cases/batch-report/batch-report.lnpl --workflow wf.get.report --json  # final source (spec 포함)
warning: declared-measured-only [perf.report] performance response — declared but measured: measured and reported per run, but an over-budget run is not blocked
1 warning(s), 0 error(s)
{
  "result": {
    "status": "completed",
    "steps": [
      {
        "step": "validate report",
        "attempts": 1,
        "duration_ms": 6,
        "effects": [
          "Validation"
        ]
      },
      {
        "step": "find report",
        "attempts": 1,
        "duration_ms": 6,
        "effects": [
          "RepositoryCall"
        ]
      }
    ],
    "failed_step": null,
    "skipped": [],
    "failure_reason": null,
    "bindings": {
      "report": {
        "id": "3f2504e0-4f89-41d3-9a0c-0305e82c3301",
        "amount": {
          "amount": "0",
          "currency": "USD"
        },
        "placedAt": "2026-07-31T09:00:00Z",
        "reportDate": "2026-07-31T09:00:00Z",
        "orderCount": 1,
        "totalAmount": {
          "amount": "0",
          "currency": "USD"
        }
      }
    },
    "duration_ms": 12,
    "correlation_id": "cid-0001",
    "slo_ms": 50,
    "slo_met": true
  },
  "trace": {
    "correlation_id": "cid-0001",
    "span": {
      "name": "GetReport",
      "kind": "Workflow",
      "duration_ms": 12,
      "attrs": {},
      "children": [
        {
          "name": "validate report",
          "kind": "WorkflowStep",
          "duration_ms": 6,
          "attrs": {
            "attempts": 1
          },
          "children": [
            {
              "name": "check",
              "kind": "Validation",
              "duration_ms": 1,
              "attrs": {},
              "children": []
            }
          ]
        },
        {
          "name": "find report",
          "kind": "WorkflowStep",
          "duration_ms": 6,
          "attrs": {
            "attempts": 1
          },
          "children": [
            {
              "name": "repo",
              "kind": "RepositoryCall",
              "duration_ms": 1,
              "attrs": {
                "found": true
              },
              "children": []
            }
          ]
        }
      ]
    },
    "metrics": [
      {
        "name": "step.duration_ms",
        "labels": {
          "workflow": "GetReport",
          "step": "validate report"
        },
        "value": 6
      },
      {
        "name": "step.duration_ms",
        "labels": {
          "workflow": "GetReport",
          "step": "find report"
        },
        "value": 6
      },
      {
        "name": "workflow.duration_ms",
        "labels": {
          "workflow": "GetReport"
        },
        "value": 12
      }
    ],
    "logs": [
      {
        "level": "INFO",
        "message": "workflow start",
        "correlation_id": "cid-0001",
        "workflow": "GetReport",
        "payload": {
          "id": "3f2504e0-4f89-41d3-9a0c-0305e82c3301",
          "amount": {
            "amount": "0",
            "currency": "USD"
          },
          "placedAt": "2026-07-31T09:00:00Z",
          "reportDate": "2026-07-31T09:00:00Z",
          "orderCount": 1,
          "totalAmount": {
            "amount": "0",
            "currency": "USD"
          }
        }
      }
    ]
  }
}
exit=0
