{
  "result": {
    "status": "completed",
    "steps": [
      {
        "step": "validate payment",
        "attempts": 1,
        "duration_ms": 6,
        "effects": [
          "Validation"
        ]
      },
      {
        "step": "find payment",
        "attempts": 1,
        "duration_ms": 6,
        "effects": [
          "RepositoryCall"
        ]
      },
      {
        "step": "update payment",
        "attempts": 1,
        "duration_ms": 6,
        "effects": [
          "RepositoryCall"
        ]
      }
    ],
    "failed_step": null,
    "skipped": [],
    "failure_reason": null,
    "bindings": {
      "payment": {
        "id": "3f2504e0-4f89-41d3-9a0c-0305e82c3301",
        "cardNumber": "4111111111111111",
        "amount": {
          "amount": "100.00",
          "currency": "USD"
        },
        "amountCents": -1,
        "ageDays": 1,
        "createdAt": "2026-07-31T09:00:00Z"
      }
    },
    "duration_ms": 18,
    "correlation_id": "cid-0001"
  },
  "trace": {
    "correlation_id": "cid-0001",
    "span": {
      "name": "Approval",
      "kind": "Workflow",
      "duration_ms": 18,
      "attrs": {},
      "children": [
        {
          "name": "validate payment",
          "kind": "WorkflowStep",
          "duration_ms": 6,
          "attrs": {
            "attempts": 1
          },
          "children": [
            {
              "name": "check",
              "kind": "Validation",
              "duration_ms": 1,
              "attrs": {},
              "children": []
            }
          ]
        },
        {
          "name": "find payment",
          "kind": "WorkflowStep",
          "duration_ms": 6,
          "attrs": {
            "attempts": 1
          },
          "children": [
            {
              "name": "repo",
              "kind": "RepositoryCall",
              "duration_ms": 1,
              "attrs": {
                "found": true
              },
              "children": []
            }
          ]
        },
        {
          "name": "update payment",
          "kind": "WorkflowStep",
          "duration_ms": 6,
          "attrs": {
            "attempts": 1
          },
          "children": [
            {
              "name": "repo",
              "kind": "RepositoryCall",
              "duration_ms": 1,
              "attrs": {
                "found": true
              },
              "children": []
            }
          ]
        }
      ]
    },
    "metrics": [
      {
        "name": "step.duration_ms",
        "labels": {
          "workflow": "Approval",
          "step": "validate payment"
        },
        "value": 6
      },
      {
        "name": "step.duration_ms",
        "labels": {
          "workflow": "Approval",
          "step": "find payment"
        },
        "value": 6
      },
      {
        "name": "step.duration_ms",
        "labels": {
          "workflow": "Approval",
          "step": "update payment"
        },
        "value": 6
      },
      {
        "name": "workflow.duration_ms",
        "labels": {
          "workflow": "Approval"
        },
        "value": 18
      }
    ],
    "logs": [
      {
        "level": "INFO",
        "message": "workflow start",
        "correlation_id": "cid-0001",
        "workflow": "Approval",
        "payload": {
          "id": "3f2504e0-4f89-41d3-9a0c-0305e82c3301",
          "cardNumber": "***",
          "amount": {
            "amount": "100.00",
            "currency": "USD"
          },
          "amountCents": -1,
          "ageDays": 1,
          "createdAt": "2026-07-31T09:00:00Z"
        }
      }
    ]
  }
}
